[07:33:58] start: 334 schools
[07:34:04]   ok stanford (1789 chars)
[07:34:04]   ok harvard (1693 chars)
[07:34:04]   ok princeton (1742 chars)
[07:34:04]   ok mit (1630 chars)
[07:34:04]   ok columbia (1826 chars)
[07:34:04]   ok yale (1753 chars)
[07:34:09]   ok brown (1740 chars)
[07:34:10]   ok dartmouth (1788 chars)
[07:34:10]   ok uchicago (1902 chars)
[07:34:10]   ok upenn (1841 chars)
[07:34:10] progress: 10/334
[07:34:10]   ok northwestern (1841 chars)
[07:34:10]   ok duke (1965 chars)
[07:34:15]   ok caltech (1710 chars)
[07:34:15]   ok jhu (1837 chars)
[07:34:15]   ok cornell (1768 chars)
[07:34:15]   ok vanderbilt (1820 chars)
[07:34:15]   ok rice (1860 chars)
[07:34:16]   ok notre-dame (1755 chars)
[07:34:20]   ok cmu (1591 chars)
[07:34:21]   ok nyu (1681 chars)
[07:34:21] progress: 20/334
[07:34:21]   ok usc (1833 chars)
[07:34:21]   ok ucb (1700 chars)
[07:34:21]   ok georgetown (1895 chars)
[07:34:23]   ok ucla (1767 chars)
[07:34:26]   ok ucsd (1800 chars)
[07:34:26]   ok umich (1833 chars)
[07:34:26]   ok uva (1720 chars)
[07:34:27]   ok gatech (1764 chars)
[07:34:27]   ok tufts (1723 chars)
[07:34:29]   ok washu (1738 chars)
[07:34:29] progress: 30/334
[07:34:32]   ok bc (1790 chars)
[07:34:32]   ok bu (1793 chars)
[07:34:32]   ok unc (1730 chars)
[07:34:33]   ok emory (1836 chars)
[07:34:33]   ok wake-forest (1778 chars)
[07:34:35]   ok wm (1752 chars)
[07:34:38]   ok ut-austin (1678 chars)
[07:34:38]   ok uf (1760 chars)
[07:34:38]   ok wisc (1708 chars)
[07:34:39]   ok umd (1707 chars)
[07:34:39] progress: 40/334
[07:34:39]   ok uw (1773 chars)
[07:34:41]   ok gwu (1706 chars)
[07:34:44]   ok msu (1797 chars)
[07:34:44]   ok penn-state (1786 chars)
[07:34:44]   ok iu (1594 chars)
[07:34:44]   ok osu (1824 chars)
[07:34:45]   ok fsu (1656 chars)
[07:34:46]   ok asu (1645 chars)
[07:34:50]   ok williams (1701 chars)
[07:34:50]   ok swarthmore (1668 chars)
[07:34:50] progress: 50/334
[07:34:50]   ok amherst (1744 chars)
[07:34:50]   ok uiuc (1749 chars)
[07:34:52]   ok pomona (1661 chars)
[07:34:53]   ok purdue (1716 chars)
[07:34:55]   ok bowdoin (1712 chars)
[07:34:56]   ok middlebury (1821 chars)
[07:34:56]   ok carleton (1671 chars)
[07:34:56]   ok wellesley (1882 chars)
[07:34:58]   ok haverford (1762 chars)
[07:34:58]   ok vassar (1753 chars)
[07:34:58] progress: 60/334
[07:35:01]   ok babson (1723 chars)
[07:35:02]   ok bentley (1772 chars)
[07:35:02]   ok rpi (1751 chars)
[07:35:02]   ok wpi (1765 chars)
[07:35:03]   ok rose-hulman (1773 chars)
[07:35:03]   ok uiowa (1647 chars)
[07:35:06]   ok umn (1801 chars)
[07:35:07]   ok cu-boulder (1784 chars)
[07:35:07]   ok uoregon (1833 chars)
[07:35:08]   ok uconn (1772 chars)
[07:35:08] progress: 70/334
[07:35:09]   ok rutgers (1797 chars)
[07:35:10]   ok stony-brook (1810 chars)
[07:35:12]   ok pitt (1729 chars)
[07:35:13]   ok vt (1857 chars)
[07:35:13]   ok tamu (1772 chars)
[07:35:14]   ok clemson (1864 chars)
[07:35:16]   ok alabama (1762 chars)
[07:35:18]   ok utk (1805 chars)
[07:35:18]   ok uga (1854 chars)
[07:35:19]   ok sdsu (1784 chars)
[07:35:19] progress: 80/334
[07:35:20]   ok arizona (1876 chars)
[07:35:20]   ok northeastern (1717 chars)
[07:35:21]   ok case (1716 chars)
[07:35:24]   ok lehigh (1646 chars)
[07:35:24]   ok bucknell (1753 chars)
[07:35:24]   ok villanova (1735 chars)
[07:35:26]   ok miami (1726 chars)
[07:35:26]   ok tulane (1911 chars)
[07:35:27]   ok american (1699 chars)
[07:35:29]   ok neiu (1828 chars)
[07:35:29] progress: 90/334
[07:35:30]   ok wesleyan (1904 chars)
[07:35:31]   ok hamilton (1712 chars)
[07:35:31]   ok davidson (1782 chars)
[07:35:31]   ok colgate (1731 chars)
[07:35:33]   ok smith (1904 chars)
[07:35:36]   ok bryn-mawr (1768 chars)
[07:35:36]   ok mt-holyoke (1913 chars)
[07:35:37]   ok bates (1778 chars)
[07:35:37]   ok colby (1743 chars)
[07:35:37]   ok trinity-ct (1844 chars)
[07:35:37] progress: 100/334
[07:35:38]   ok conn-college (1867 chars)
[07:35:41]   ok skidmore (1825 chars)
[07:35:41]   ok macalester (1683 chars)
[07:35:42]   ok kenyon (1753 chars)
[07:35:42]   ok grinnell (1799 chars)
[07:35:43]   ok reed (1811 chars)
[07:35:44]   ok oberlin (1787 chars)
[07:35:47]   ok whitman (1817 chars)
[07:35:47]   ok pitzer (1840 chars)
[07:35:48]   ok harvey-mudd (1750 chars)
[07:35:48] progress: 110/334
[07:35:48]   ok scripps (1787 chars)
[07:35:49]   ok cmc (1877 chars)
[07:35:50]   ok oxy (1777 chars)
[07:35:52]   ok brandeis (1821 chars)
[07:35:53]   ok fordham (1871 chars)
[07:35:54]   ok barnard (1695 chars)
[07:35:54]   ok pepperdine (1838 chars)
[07:35:55]   ok lmu (1724 chars)
[07:35:56]   ok scu (1805 chars)
[07:35:58]   ok drexel (1640 chars)
[07:35:58] progress: 120/334
[07:35:59]   ok stevens (1755 chars)
[07:36:00]   ok cooper (1867 chars)
[07:36:00]   ok olin (1756 chars)
[07:36:01]   ok berklee (1632 chars)
[07:36:04]   ok parsons (1734 chars)
[07:36:04]   ok pratt (1758 chars)
[07:36:05]   ok risd (1758 chars)
[07:36:06]   ok juilliard (1828 chars)
[07:36:06]   ok uky (1708 chars)
[07:36:06]   ok saic (1743 chars)
[07:36:06] progress: 130/334
[07:36:10]   ok auburn (1936 chars)
[07:36:10]   ok sc (1681 chars)
[07:36:10]   ok lsu (1793 chars)
[07:36:12]   ok ku (1774 chars)
[07:36:12]   ok missou (1892 chars)
[07:36:13]   ok unl (1978 chars)
[07:36:16]   ok binghamton (1740 chars)
[07:36:16]   ok udel (1646 chars)
[07:36:16]   ok uvm (1887 chars)
[07:36:17]   ok calpoly-slo (1719 chars)
[07:36:17] progress: 140/334
[07:36:18]   ok sjsu (1771 chars)
[07:36:19]   ok csulb (1801 chars)
[07:36:21]   ok iowa-state (1747 chars)
[07:36:22]   ok temple (1839 chars)
[07:36:22]   ok gmu (1797 chars)
[07:36:23]   ok uh (1767 chars)
[07:36:23]   ok utah (1815 chars)
[07:36:25]   ok hawaii (1846 chars)
[07:36:27]   ok unh (1719 chars)
[07:36:27]   ok umaine (1656 chars)
[07:36:27] progress: 150/334
[07:36:27]   ok howard (1883 chars)
[07:36:29]   ok morehouse (1886 chars)
[07:36:29]   ok spelman (1800 chars)
[07:36:30]   ok famu (1781 chars)
[07:36:32]   ok uprm (1774 chars)
[07:36:33]   ok uci (1753 chars)
[07:36:34]   ok tuskegee (1814 chars)
[07:36:35]   ok ucsc (1939 chars)
[07:36:36]   ok ucsb (1886 chars)
[07:36:36]   ok ucdavis (1749 chars)
[07:36:36] progress: 160/334
[07:36:39]   ok ucr (1840 chars)
[07:36:40]   ok baylor (1754 chars)
[07:36:40]   ok byu (1681 chars)
[07:36:41]   ok tcu (1762 chars)
[07:36:41]   ok smu (1801 chars)
[07:36:44]   ok umass (1736 chars)
[07:36:44]   ok liberty (1836 chars)
[07:36:45]   ok ncsu (1921 chars)
[07:36:46]   ok syracuse (1685 chars)
[07:36:47]   ok holy-cross (1826 chars)
[07:36:47] progress: 170/334
[07:36:48]   ok hampton (1891 chars)
[07:36:50]   ok colorado-college (1793 chars)
[07:36:50]   ok lafayette (1742 chars)
[07:36:51]   ok sewanee (1794 chars)
[07:36:51]   ok rochester (1895 chars)
[07:36:53]   ok loyola-chicago (1745 chars)
[07:36:53]   ok marquette (1926 chars)
[07:36:56]   ok suny-buffalo (1704 chars)
[07:36:56]   ok calpoly-pomona (1778 chars)
[07:36:56]   ok depaul (1899 chars)
[07:36:56] progress: 180/334
[07:36:57]   ok fiu (1809 chars)
[07:36:59]   ok ucf (1891 chars)
[07:36:59]   ok colorado-state (1911 chars)
[07:37:02]   ok vcu (1678 chars)
[07:37:02]   ok cincinnati (1927 chars)
[07:37:03]   ok unm (1838 chars)
[07:37:05]   ok wayne-state (1770 chars)
[07:37:05]   ok gsu (1645 chars)
[07:37:07]   ok wvu (1821 chars)
[07:37:07]   ok usf-tampa (1778 chars)
[07:37:07] progress: 190/334
[07:37:08]   ok louisville (1899 chars)
[07:37:08]   ok oklahoma-state (1623 chars)
[07:37:11]   ok oklahoma (1770 chars)
[07:37:11]   ok utsa (1915 chars)
[07:37:13]   ok utd (1681 chars)
[07:37:13]   ok oregon-state (1839 chars)
[07:37:14]   ok unc-charlotte (1841 chars)
[07:37:14]   ok wsu (1785 chars)
[07:37:17]   ok kent-state (1741 chars)
[07:37:17]   ok ecu (1765 chars)
[07:37:17] progress: 200/334
[07:37:19]   ok fau (1657 chars)
[07:37:19]   ok akron (1723 chars)
[07:37:19]   ok jmu (1716 chars)
[07:37:22]   ok unf (1700 chars)
[07:37:22]   ok col-charleston (1921 chars)
[07:37:24]   ok app-state (1732 chars)
[07:37:25]   ok odu (1727 chars)
[07:37:25]   ok boise-state (1809 chars)
[07:37:28]   ok miss-state (1802 chars)
[07:37:28]   ok towson (1792 chars)
[07:37:28] progress: 210/334
[07:37:28]   ok unlv (1787 chars)
[07:37:31]   ok nau (1732 chars)
[07:37:31]   ok uri (1803 chars)
[07:37:32]   ok umbc (1793 chars)
[07:37:34]   ok wwu (1890 chars)
[07:37:34]   ok emich (1870 chars)
[07:37:34]   ok wmu (1774 chars)
[07:37:36]   ok niu (1745 chars)
[07:37:37]   ok ilstu (1812 chars)
[07:37:38]   ok bgsu (1876 chars)
[07:37:38] progress: 220/334
[07:37:39]   ok ohio-u (1797 chars)
[07:37:39]   ok slu (1664 chars)
[07:37:40]   ok hofstra (1782 chars)
[07:37:42]   ok tulsa (1744 chars)
[07:37:43]   ok dayton (1808 chars)
[07:37:44]   ok usd (1879 chars)
[07:37:45]   ok chapman (1719 chars)
[07:37:45]   ok usf-sf (1878 chars)
[07:37:46]   ok seattle-u (1820 chars)
[07:37:47]   ok catholic (1784 chars)
[07:37:47] progress: 230/334
[07:37:48]   ok embry-riddle (1655 chars)
[07:37:50]   ok stetson (1886 chars)
[07:37:50]   ok drake (1845 chars)
[07:37:52]   ok yeshiva (1791 chars)
[07:37:53]   ok trinity-tx (1737 chars)
[07:37:54]   ok mercer (1689 chars)
[07:37:55]   ok butler (1853 chars)
[07:37:56]   ok belmont (1897 chars)
[07:37:57]   ok elon (1747 chars)
[07:37:57]   ok high-point (1731 chars)
[07:37:57] progress: 240/334
[07:37:59]   ok pace (1799 chars)
[07:38:00]   ok quinnipiac (1850 chars)
[07:38:00]   ok adelphi (1783 chars)
[07:38:02]   ok marist (1782 chars)
[07:38:02]   ok fairfield (1732 chars)
[07:38:03]   ok loyola-md (1839 chars)
[07:38:05]   ok gonzaga (1908 chars)
[07:38:06]   ok creighton (1966 chars)
[07:38:07]   ok xavier (1834 chars)
[07:38:07]   ok sju (1705 chars)
[07:38:07] progress: 250/334
[07:38:08]   ok providence (1861 chars)
[07:38:08]   ok manhattan (1646 chars)
[07:38:11]   ok stjohns (1757 chars)
[07:38:12]   ok bard (1660 chars)
[07:38:12]   ok loyola-no (1779 chars)
[07:38:13]   ok rhodes (1802 chars)
[07:38:14]   ok samford (1876 chars)
[07:38:16]   ok wofford (1722 chars)
[07:38:17]   ok furman (1819 chars)
[07:38:17]   ok centre (1771 chars)
[07:38:17] progress: 260/334
[07:38:18]   ok lawrence (1657 chars)
[07:38:18]   ok hope (1870 chars)
[07:38:21]   ok st-olaf (1901 chars)
[07:38:22]   ok beloit (1734 chars)
[07:38:23]   ok depauw (1772 chars)
[07:38:24]   ok dickinson (1779 chars)
[07:38:24]   ok gettysburg (1735 chars)
[07:38:24]   ok muhlenberg (1744 chars)
[07:38:28]   ok bennington (1870 chars)
[07:38:30]   ok wheaton-ma (1836 chars)
[07:38:30] progress: 270/334
[07:38:30]   ok hampshire (1889 chars)
[07:38:30]   ok richmond (1791 chars)
[07:38:31]   ok wlu (1823 chars)
[07:38:32]   ok sarah-lawrence (1850 chars)
[07:38:34]   ok rit (1787 chars)
[07:38:35]   ok iit (1749 chars)
[07:38:35]   ok mines (1707 chars)
[07:38:36]   ok njit (1802 chars)
[07:38:37]   ok texas-tech (1769 chars)
[07:38:38]   ok unt (1685 chars)
[07:38:38] progress: 280/334
[07:38:39]   ok michigan-tech (1764 chars)
[07:38:41]   ok florida-tech (1606 chars)
[07:38:41]   ok xula (1838 chars)
[07:38:42]   ok ncat (1662 chars)
[07:38:43]   ok tnstate (1813 chars)
[07:38:44]   ok clark-atlanta (1782 chars)
[07:38:46]   ok jackson-state (1798 chars)
[07:38:46]   ok pvamu (1794 chars)
[07:38:47]   ok morgan-state (1903 chars)
[07:38:48]   ok texas-southern (1764 chars)
[07:38:48] progress: 290/334
[07:38:49]   ok purdue-nw (1762 chars)
[07:38:51]   ok knox (1829 chars)
[07:38:52]   ok allegheny (1860 chars)
[07:38:53]   ok bryant (1788 chars)
[07:38:53]   ok susquehanna (1788 chars)
[07:38:54]   ok agnes-scott (1802 chars)
[07:38:54]   ok bradley (1869 chars)
[07:38:56]   ok csu-la (1709 chars)
[07:38:58]   ok csu-fullerton (1809 chars)
[07:38:58]   ok coastal-carolina (1763 chars)
[07:38:58] progress: 300/334
[07:38:58]   ok clarkson (1740 chars)
[07:38:59]   ok baruch (1703 chars)
[07:39:01]   ok tcnj (1822 chars)
[07:39:02]   ok denison (1850 chars)
[07:39:03]   ok duquesne (1897 chars)
[07:39:04]   ok earlham (1827 chars)
[07:39:05]   ok eckerd (1860 chars)
[07:39:05]   ok fandm (1683 chars)
[07:39:06]   ok gustavus (1821 chars)
[07:39:07]   ok ithaca (1637 chars)
[07:39:07] progress: 310/334
[07:39:09]   ok juniata (1830 chars)
[07:39:10]   ok lewis-clark (1887 chars)
[07:39:10]   ok lake-forest (1839 chars)
[07:39:11]   ok linfield (1769 chars)
[07:39:12]   ok msoe (1807 chars)
[07:39:13]   ok ramapo (1813 chars)
[07:39:15]   ok rollins (1817 chars)
[07:39:16]   ok suny-albany (1713 chars)
[07:39:16]   ok southwestern (1846 chars)
[07:39:16]   ok st-marys-ca (1745 chars)
[07:39:16] progress: 320/334
[07:39:18]   ok suny-purchase (1854 chars)
[07:39:18]   ok suny-geneseo (1650 chars)
[07:39:21]   ok suny-oswego (1867 chars)
[07:39:22]   ok suny-oneonta (1790 chars)
[07:39:22]   ok west-point (1971 chars)
[07:39:23]   ok wooster (1788 chars)
[07:39:23]   ok ucmerced (1862 chars)
[07:39:24]   ok umass-lowell (1818 chars)
[07:39:26]   ok unr (1737 chars)
[07:39:28]   ok unc-asheville (1797 chars)
[07:39:28] progress: 330/334
[07:39:29]   ok portland (1910 chars)
[07:39:29]   ok uncw (1831 chars)
[07:39:29]   ok puget-sound (1843 chars)
[07:39:30]   ok denver (1881 chars)
[07:39:30] done. 334/334 succeeded. wrote school_summaries.json
